AR universal_shift_register_4bit behavioral "D:/DMU/ADD/Assignment 01/3 Assignment Jute friends/ASSIGNMENT 2/universal_shift_register_4bit/universal_shift_register_4bit.vhd" sub00/vhpl01 1627141503
EN universal_shift_register_4bit NULL "D:/DMU/ADD/Assignment 01/3 Assignment Jute friends/ASSIGNMENT 2/universal_shift_register_4bit/universal_shift_register_4bit.vhd" sub00/vhpl00 1627141502
