V3 3
FL "D:/DMU/ADD/Assignment 01/3 Assignment Jute friends/ASSIGNMENT 1/USR_4/USR_4.vhd" 2021/07/05.14:35:40 P.68d
EN work/USR_4 1626631854 \
      FL "D:/DMU/ADD/Assignment 01/3 Assignment Jute friends/ASSIGNMENT 1/USR_4/USR_4.vhd" \
      PB ieee/std_logic_1164 1370735607
AR work/USR_4/Behavioral 1626631855 \
      FL "D:/DMU/ADD/Assignment 01/3 Assignment Jute friends/ASSIGNMENT 1/USR_4/USR_4.vhd" \
      EN work/USR_4 1626631854
